load("@rules_cc//cc:defs.bzl", "cc_library", "cc_test")

cc_library(
    name = "test",
    hdrs = ["handler_test.h"],
    visibility = ["//visibility:public"],
)

cc_test(
    name = "test_test",
    srcs = [
        "handler_test.cc",
        "other_test.cc",
    ],
    deps = [":test"],
)
