load("@rules_cc//cc:defs.bzl", "cc_test")

cc_test(
    name = "integration_test",
    srcs = ["integration.cc"],
)
