load("@rules_cc//cc:defs.bzl", "cc_test")

cc_test(
    name = "test",
    srcs = ["test.cc"],
)
