load("@rules_cc//cc:defs.bzl", "cc_test")

cc_test(
    name = "test",
    srcs = ["lib.cc"],
    deps = ["//src"],
)
