load("@rules_cc//cc:defs.bzl", "cc_library", "cc_test")

cc_library(
    name = "shared",
    hdrs = ["shared.h"],
)

cc_test(
    name = "test1",
    srcs = ["test1.cc"],
    deps = [":shared"],
)

cc_test(
    name = "test2",
    srcs = ["test2.cc"],
    deps = [":shared"],
)
